[1G
[0J
[7G
lips> 
[1;1H
[0J
lips> 
[7G
[1G
[0J
[1G
lips> 
[0J
[7G
[0J
[1G
[7G
lips> 
[1G
[0J
[7G
lips> 
[1G
[0J
lips> 
[7G
([0m
[1G
[0J
lips> ([0m
[8G
+
[1G
[0J
lips> ([0m+[0m
[9G
[01;31m1[0m
lips> ([0m[01;31m+1[0m
[1G
[10G
[0J
[0J
lips> ([0m+[0m
[1G
[9G
[1G
[0J
[9G
lips> ([0m+[0m
 
[1G
lips> ([0m+[0m 
[10G
[0J
[01;31m1[0m
[1G
[0J
lips> ([0m+[0m [01;31m1[0m
[11G
 
[0J
[12G
lips> ([0m+[0m [01;31m1[0m 
[1G
[01;31m2[0m
[0J
[1G
[13G
lips> ([0m+[0m [01;31m1[0m [01;31m2[0m
)[0m
[1G
lips> [7m([m[0m+[0m [01;31m1[0m [01;31m2[0m)[0m
[14G
[0J


[1G
[0J
lips> 
[7G
([0m
[1G
[0J
lips> ([0m
[8G
d
[1G
[0J
lips> ([0m[1;37md[0m
[9G
e
[0J
[1G
lips> ([0m[1;37mde[0m
[10G
f
[0J
[1G
lips> ([0m[1;37mdef[0m
[11G
i
[0J
lips> ([0m[1;37mdefi[0m
[1G
[12G
n
[0J
lips> ([0m[1;37mdefin[0m
[13G
[1G
e
[0J
[1G
lips> ([0m[01;34mdefine[0m
[14G
 
[1G
[0J
lips> ([0m[01;34mdefine[0m 
[15G
x
[1G
[0J
[16G
lips> ([0m[01;34mdefine[0m x
 
[0J
lips> ([0m[01;34mdefine[0m x 
[17G
[1G
[01;31m1[0m
[0J
[1G
lips> ([0m[01;34mdefine[0m x [01;31m1[0m
[18G
[01;31m0[0m
[1G
[19G
lips> ([0m[01;34mdefine[0m x [01;31m10[0m
[0J
)[0m
[1G
[0J
lips> [7m([m[0m[01;34mdefine[0m x [01;31m10[0m)[0m
[20G


[1G
[0J
lips> 
[7G
([0m
[1G
[0J
[8G
lips> ([0m
*
[1G
[0J
lips> ([0m*[0m
[9G
 
[1G
lips> ([0m*[0m 
[0J
[10G
x
[0J
[1G
lips> ([0m*[0m x
[11G
 
[0J
[1G
lips> ([0m*[0m x 
[12G
[01;31m5[0m
[0J
[1G
lips> ([0m*[0m x [01;31m5[0m
[13G
)[0m
[1G
lips> [7m([m[0m*[0m x [01;31m5[0m)[0m
[14G
[0J


[1G
[7G
lips> 
[0J
[1G
[0J
[14G
lips> [7m([m[0m*[0m x [01;31m5[0m)[0m
[0J
[1G
lips> [7m([m[0m*[0m x [01;31m5[0m)[0m
[14G
[1G
[13G
lips> ([0m*[0m x [01;31m5[0m
[1G
[0J
lips> ([0m*[0m x [01;31m5[0m
[13G
[0J


[1G
[5G
[0J
     
... 


[0J
[5G
... 
     
[1G


[0J
[5G
     
... 
[1G


[1G
[0J
[5G
     
... 


[0J
     
... 
[5G
[1G
a
[0J
...      a
[11G
[1G
[0J
[10G
...      
[1G
[1G
[10G
[0J
...      
)[0m
[1G
[0J
...      )[0m
[11G


[1G
lips> 
[7G
[0J


[1G
[0J
lips> 
[7G


[1G
[7G
lips> 
[0J
[1;1H
[0J
[0J
[1G
[7G
lips> 
[1G
[0J
[7G
lips> 
[1G
[0J
lips> 
[7G
[1G
[0J
lips> 
[7G
[1G
[0J
[7G
lips> 
([0m
[1G
[0J
lips> ([0m
[8G
s
[1G
[0J
lips> ([0m[1;37ms[0m
[9G
q
[1G
lips> ([0m[1;37msq[0m
[10G
[0J
r
[1G
[11G
lips> ([0m[1;37msqr[0m
[0J
t
[1G
[0J
lips> ([0m[1;37msqrt[0m
[12G
 
[1G
[13G
lips> ([0m[1;37msqrt[0m 
[0J
([0m
[0J
lips> ([0m[1;37msqrt[0m ([0m
[14G
[1G
+
[0J
lips> ([0m[1;37msqrt[0m ([0m+[0m
[15G
[1G
 
[0J
[1G
[16G
lips> ([0m[1;37msqrt[0m ([0m+[0m 
([0m
[1G
[0J
lips> ([0m[1;37msqrt[0m ([0m+[0m ([0m
[17G
*
[1G
[0J
[18G
lips> ([0m[1;37msqrt[0m ([0m+[0m ([0m*[0m
 
[0J
[1G
lips> ([0m[1;37msqrt[0m ([0m+[0m ([0m*[0m 
[19G
[01;31m4[0m
[1G
lips> ([0m[1;37msqrt[0m ([0m+[0m ([0m*[0m [01;31m4[0m
[0J
[20G
 
[1G
[0J
lips> ([0m[1;37msqrt[0m ([0m+[0m ([0m*[0m [01;31m4[0m 
[21G
[01;31m4[0m
[1G
[0J
lips> ([0m[1;37msqrt[0m ([0m+[0m ([0m*[0m [01;31m4[0m [01;31m4[0m
[22G
 
[0J
lips> ([0m[1;37msqrt[0m ([0m+[0m ([0m*[0m [01;31m4[0m [01;31m4[0m 
[23G
[1G
[1G
[0J
lips> ([0m[1;37msqrt[0m ([0m+[0m ([0m*[0m [01;31m4[0m [01;31m4[0m
[22G
[1G
[0J
lips> ([0m[1;37msqrt[0m ([0m+[0m ([0m*[0m [01;31m4[0m [01;31m4[0m
[22G
)[0m
[0J
[1G
lips> ([0m[1;37msqrt[0m ([0m+[0m [7m([m[0m*[0m [01;31m4[0m [01;31m4[0m)[0m
[23G
 
[0J
lips> ([0m[1;37msqrt[0m ([0m+[0m ([0m*[0m [01;31m4[0m [01;31m4[0m)[0m 
[1G
[24G
([0m
[1G
lips> ([0m[1;37msqrt[0m ([0m+[0m ([0m*[0m [01;31m4[0m [01;31m4[0m)[0m ([0m
[0J
[25G
)[0m
[0J
[26G
[1G
lips> ([0m[1;37msqrt[0m ([0m+[0m ([0m*[0m [01;31m4[0m [01;31m4[0m)[0m [7m([m[0m)[0m
[1D
[1G
[0J
lips> ([0m[1;37msqrt[0m ([0m+[0m ([0m*[0m [01;31m4[0m [01;31m4[0m)[0m ([0m)[0m
[25G
[0J
lips> ([0m[1;37msqrt[0m ([0m+[0m ([0m*[0m [01;31m4[0m [01;31m4[0m)[0m ([0m*[0m)[0m
[1G
[26G
[1G
[0J
lips> ([0m[1;37msqrt[0m ([0m+[0m ([0m*[0m [01;31m4[0m [01;31m4[0m)[0m ([0m*[0m)[0m
[26G
[0J
[1G
[27G
lips> ([0m[1;37msqrt[0m ([0m+[0m ([0m*[0m [01;31m4[0m [01;31m4[0m)[0m ([0m*[0m )[0m
[1G
lips> ([0m[1;37msqrt[0m ([0m+[0m ([0m*[0m [01;31m4[0m [01;31m4[0m)[0m ([0m*[0m )[0m
[0J
[27G
[1G
lips> ([0m[1;37msqrt[0m ([0m+[0m ([0m*[0m [01;31m4[0m [01;31m4[0m)[0m ([0m*[0m [01;31m3[0m)[0m
[0J
[28G
[1G
[0J
[28G
lips> ([0m[1;37msqrt[0m ([0m+[0m ([0m*[0m [01;31m4[0m [01;31m4[0m)[0m ([0m*[0m [01;31m3[0m)[0m
[0J
[1G
lips> ([0m[1;37msqrt[0m ([0m+[0m ([0m*[0m [01;31m4[0m [01;31m4[0m)[0m ([0m*[0m [01;31m3[0m )[0m
[29G
[1G
[0J
[29G
lips> ([0m[1;37msqrt[0m ([0m+[0m ([0m*[0m [01;31m4[0m [01;31m4[0m)[0m ([0m*[0m [01;31m3[0m )[0m
[1G
[0J
[30G
lips> ([0m[1;37msqrt[0m ([0m+[0m ([0m*[0m [01;31m4[0m [01;31m4[0m)[0m ([0m*[0m [01;31m3[0m [01;31m3[0m)[0m
[1G
[30G
lips> ([0m[1;37msqrt[0m ([0m+[0m ([0m*[0m [01;31m4[0m [01;31m4[0m)[0m ([0m*[0m [01;31m3[0m [01;31m3[0m)[0m
[0J
[1C
[0J
[1G
lips> ([0m[1;37msqrt[0m ([0m+[0m ([0m*[0m [01;31m4[0m [01;31m4[0m)[0m [7m([m[0m*[0m [01;31m3[0m [01;31m3[0m)[0m
[31G
[0J
[1G
lips> ([0m[1;37msqrt[0m ([0m+[0m ([0m*[0m [01;31m4[0m [01;31m4[0m)[0m [7m([m[0m*[0m [01;31m3[0m [01;31m3[0m)[0m
[31G
)[0m
lips> ([0m[1;37msqrt[0m [7m([m[0m+[0m ([0m*[0m [01;31m4[0m [01;31m4[0m)[0m ([0m*[0m [01;31m3[0m [01;31m3[0m)[0m)[0m
[1G
[32G
[0J
)[0m
[0J
[33G
lips> [7m([m[0m[1;37msqrt[0m ([0m+[0m ([0m*[0m [01;31m4[0m [01;31m4[0m)[0m ([0m*[0m [01;31m3[0m [01;31m3[0m)[0m)[0m)[0m
[1G
[36m;[0m
lips> ([0m[1;37msqrt[0m ([0m+[0m ([0m*[0m [01;31m4[0m [01;31m4[0m)[0m ([0m*[0m [01;31m3[0m [01;31m3[0m)[0m)[0m)[0m[36m;[0m
[34G
[1G
[0J
[1D
[0J
lips> [7m([m[0m[1;37msqrt[0m ([0m+[0m ([0m*[0m [01;31m4[0m [01;31m4[0m)[0m ([0m*[0m [01;31m3[0m [01;31m3[0m)[0m)[0m)[0m[36m;[0m
[1G
[33G
[1C


lips> 
[7G
[1G
[0J


[1G
[0J
[7G
lips> 


[0J
[1G
lips> 
[7G


[0J
[1G
[7G
lips> 


[1G
lips> 
[7G
[0J
[1;1H
[0J
[0J
[1G
lips> 
[7G
[1G
[0J
lips> 
[7G
([0m
[1G
[0J
lips> ([0m
[8G
)[0m
[0J
[1G
lips> [7m([m[0m)[0m
[9G
[1D
[0J
[1G
lips> ([0m)[0m
[8G
[1G
[0J
[9G
lips> ([0m+[0m)[0m
[1G
[9G
lips> ([0m+[0m)[0m
[0J
[1G
[10G
lips> ([0m+[0m )[0m
[0J
[1G
[0J
lips> ([0m+[0m )[0m
[10G
[0J
lips> ([0m+[0m [01;31m3[0m)[0m
[1G
[11G
[1G
[11G
lips> ([0m+[0m [01;31m3[0m)[0m
[0J
[1G
lips> ([0m+[0m [01;31m3[0m )[0m
[12G
[0J
[1G
[12G
[0J
lips> ([0m+[0m [01;31m3[0m )[0m
[0J
lips> ([0m+[0m [01;31m3[0m [01;31m1[0m)[0m
[1G
[13G
[1G
lips> ([0m+[0m [01;31m3[0m [01;31m1[0m)[0m
[0J
[13G
[0J
[14G
lips> ([0m+[0m [01;31m3[0m [01;31m10[0m)[0m
[1G
[1G
[0J
lips> ([0m+[0m [01;31m3[0m [01;31m10[0m)[0m
[14G
[1G
lips> ([0m+[0m [01;31m3[0m [01;31m10[0m )[0m
[0J
[15G
[1G
[0J
lips> ([0m+[0m [01;31m3[0m [01;31m10[0m )[0m
[15G
[1G
lips> ([0m+[0m [01;31m3[0m [01;31m10[0m)[0m
[14G
[0J
[1G
[0J
lips> ([0m+[0m [01;31m3[0m [01;31m10[0m)[0m
[14G
[1C


[1G
lips> 
[7G
[0J
([0m
[1G
[0J
lips> ([0m
[8G
)[0m
[0J
lips> [7m([m[0m)[0m
[1G
[9G
[1D
[1G
[0J
lips> ([0m)[0m
[8G
[1G
[0J
lips> ([0m/[0m)[0m
[9G
[1G
[0J
lips> ([0m/[0m)[0m
[9G
[0J
lips> ([0m/[0m )[0m
[1G
[10G
[0J
[1G
[10G
lips> ([0m/[0m )[0m
[0J
[1G
lips> ([0m/[0m [01;31m7[0m)[0m
[11G
[1G
[0J
[11G
lips> ([0m/[0m [01;31m7[0m)[0m
[1G
lips> ([0m/[0m [01;31m74[0m)[0m
[0J
[12G
[0J
[1G
lips> ([0m/[0m [01;31m74[0m)[0m
[12G
[1G
lips> ([0m/[0m [01;31m743[0m)[0m
[13G
[0J
[1G
[13G
[0J
lips> ([0m/[0m [01;31m743[0m)[0m
[0J
lips> ([0m/[0m [01;31m743[0m )[0m
[14G
[1G
[1G
[0J
lips> ([0m/[0m [01;31m743[0m )[0m
[14G
[1G
[0J
lips> ([0m/[0m [01;31m743[0m [01;31m9[0m)[0m
[15G
[1G
[15G
[0J
lips> ([0m/[0m [01;31m743[0m [01;31m9[0m)[0m
[1C


[1G
[0J
lips> 
[7G
[1;1H
[1G
[7G
[0J
lips> 
[0J
[1G
[0J
lips> 
[7G
[1G
[0J
lips> 
[7G
[0J
[1G
lips> 
[7G
